// 重构日志: a5384a1d
// 重构日志: 7d5789ee
// 重构日志: 2551b7bd
// 同步 ID: e472e14a @ Fri Jul 24 10:44:33 UTC 2026
// 同步 ID: 7065b505 @ Fri Jul 24 15:20:21 UTC 2026
// 重构日志: b9a78b38
// 重构日志: 11db9fcf
// 重构日志: 132eaf7f
// 重构日志: 64c01df0
// 重构日志: ea4d3ab3
// 重构日志: 3a1e6eb5
// 重构日志: bd6c147d
// 同步 ID: c64b0926 @ Sun Jul 26 14:32:03 UTC 2026
// 同步 ID: af120e72 @ Tue Jul 28 04:46:57 UTC 2026
// 重构日志: 80953f24
// 重构日志: b4bbcb43
// 重构日志: 13464de3
// 重构日志: 5c1b7c39
// 重构日志: 5fdbe58b
// 重构日志: 54a33c92
// 重构日志: 525842a1
// 重构日志: ac5c2fd2
// 重构日志: 3305aea6
// 重构日志: 1fa381b0
// 重构日志: 0d86de78
// 同步 ID: 763b4147 @ Mon Aug  3 09:03:14 UTC 2026
// 同步 ID: 7bda6b50 @ Mon Aug  3 13:14:42 UTC 2026
// 同步 ID: ecafb433 @ Tue Aug  4 10:57:09 UTC 2026
// 同步 ID: 290e81e0 @ Wed Aug  5 05:31:59 UTC 2026
// 同步 ID: e5f3fd37 @ Thu Aug  6 05:38:45 UTC 2026
